# hmmsearch :: search profile(s) against a sequence database
# HMMER 3.4 (Aug 2023); http://hmmer.org/
# Copyright (C) 2023 Howard Hughes Medical Institute.
# Freely distributed under the BSD open source license.
# - - - - - - - - - - - - - - - - - - - - - - - - - - - - - - - - - - - -
# query HMM file:                  /home/julibote/TXSScan_model/TXSScan/profiles/Archaeal-T4P_arCOG01814.hmm
# target sequence database:        proteins_fasta/M9409_L16.faa
# output directed to file:         macsyfinder/M9409_L16/hmmer_results/Archaeal-T4P_arCOG01814.search_hmm.out
# model-specific thresholding:     GA cutoffs
# number of worker threads:        1
# - - - - - - - - - - - - - - - - - - - - - - - - - - - - - - - - - - - -

Query:       arCOG01814  [M=591]
Scores for complete sequences (score includes all domains):
   --- full sequence ---   --- best 1 domain ---    -#dom-
    E-value  score  bias    E-value  score  bias    exp  N  Sequence Description
    ------- ------ -----    ------- ------ -----   ---- --  -------- -----------

   [No hits detected that satisfy reporting thresholds]


Domain annotation for each sequence (and alignments):

   [No targets detected that satisfy reporting thresholds]


Internal pipeline statistics summary:
-------------------------------------
Query model(s):                            1  (591 nodes)
Target sequences:                       4459  (1473457 residues searched)
Passed MSV filter:                       539  (0.120879); expected 89.2 (0.02)
Passed bias filter:                      148  (0.0331913); expected 89.2 (0.02)
Passed Vit filter:                        14  (0.00313972); expected 4.5 (0.001)
Passed Fwd filter:                         3  (0.000672797); expected 0.0 (1e-05)
Initial search space (Z):               4459  [actual number of targets]
Domain search space  (domZ):               0  [number of targets reported over threshold]
# CPU time: 0.03u 0.00s 00:00:00.03 Elapsed: 00:00:00.03
# Mc/sec: 25976.71
//
[ok]
