# hmmsearch :: search profile(s) against a sequence database
# HMMER 3.4 (Aug 2023); http://hmmer.org/
# Copyright (C) 2023 Howard Hughes Medical Institute.
# Freely distributed under the BSD open source license.
# - - - - - - - - - - - - - - - - - - - - - - - - - - - - - - - - - - - -
# query HMM file:                  /home/julibote/TXSScan_model/TXSScan/profiles/ComM_comEB.hmm
# target sequence database:        proteins_fasta/M9409_L16.faa
# output directed to file:         macsyfinder/M9409_L16/hmmer_results/ComM_comEB.search_hmm.out
# model-specific thresholding:     GA cutoffs
# number of worker threads:        1
# - - - - - - - - - - - - - - - - - - - - - - - - - - - - - - - - - - - -

Query:       ComM_comEB  [M=125]
Scores for complete sequences (score includes all domains):
   --- full sequence ---   --- best 1 domain ---    -#dom-
    E-value  score  bias    E-value  score  bias    exp  N  Sequence Description
    ------- ------ -----    ------- ------ -----   ---- --  -------- -----------

   [No hits detected that satisfy reporting thresholds]


Domain annotation for each sequence (and alignments):

   [No targets detected that satisfy reporting thresholds]


Internal pipeline statistics summary:
-------------------------------------
Query model(s):                            1  (125 nodes)
Target sequences:                       4459  (1473457 residues searched)
Passed MSV filter:                        61  (0.0136802); expected 89.2 (0.02)
Passed bias filter:                       61  (0.0136802); expected 89.2 (0.02)
Passed Vit filter:                        10  (0.00224266); expected 4.5 (0.001)
Passed Fwd filter:                         5  (0.00112133); expected 0.0 (1e-05)
Initial search space (Z):               4459  [actual number of targets]
Domain search space  (domZ):               0  [number of targets reported over threshold]
# CPU time: 0.00u 0.00s 00:00:00.00 Elapsed: 00:00:00.00
# Mc/sec: 24541.07
//
[ok]
