# hmmsearch :: search profile(s) against a sequence database
# HMMER 3.4 (Aug 2023); http://hmmer.org/
# Copyright (C) 2023 Howard Hughes Medical Institute.
# Freely distributed under the BSD open source license.
# - - - - - - - - - - - - - - - - - - - - - - - - - - - - - - - - - - - -
# query HMM file:                  /home/julibote/TXSScan_model/TXSScan/profiles/ComM_comFC.hmm
# target sequence database:        proteins_fasta/M9409_L16.faa
# output directed to file:         macsyfinder/M9409_L16/hmmer_results/ComM_comFC.search_hmm.out
# model-specific thresholding:     GA cutoffs
# number of worker threads:        1
# - - - - - - - - - - - - - - - - - - - - - - - - - - - - - - - - - - - -

Query:       ComFC  [M=220]
Scores for complete sequences (score includes all domains):
   --- full sequence ---   --- best 1 domain ---    -#dom-
    E-value  score  bias    E-value  score  bias    exp  N  Sequence     Description
    ------- ------ -----    ------- ------ -----   ---- --  --------     -----------
    2.5e-09   34.8   0.0    0.00029   18.3   0.0    2.2  0  BKOHND_04035  Phosphoribosyltransferase


Domain annotation for each sequence (and alignments):
>> BKOHND_04035  Phosphoribosyltransferase
   [No individual domains that satisfy reporting thresholds (although complete target did)]



Internal pipeline statistics summary:
-------------------------------------
Query model(s):                            1  (220 nodes)
Target sequences:                       4459  (1473457 residues searched)
Passed MSV filter:                        60  (0.0134559); expected 89.2 (0.02)
Passed bias filter:                       57  (0.0127831); expected 89.2 (0.02)
Passed Vit filter:                        10  (0.00224266); expected 4.5 (0.001)
Passed Fwd filter:                         4  (0.000897062); expected 0.0 (1e-05)
Initial search space (Z):               4459  [actual number of targets]
Domain search space  (domZ):               1  [number of targets reported over threshold]
# CPU time: 0.01u 0.00s 00:00:00.01 Elapsed: 00:00:00.00
# Mc/sec: 35389.22
//
[ok]
