# hmmsearch :: search profile(s) against a sequence database
# HMMER 3.4 (Aug 2023); http://hmmer.org/
# Copyright (C) 2023 Howard Hughes Medical Institute.
# Freely distributed under the BSD open source license.
# - - - - - - - - - - - - - - - - - - - - - - - - - - - - - - - - - - - -
# query HMM file:                  /home/julibote/TXSScan_model/TXSScan/profiles/Archaeal-T4P_arCOG02298_PP.hmm
# target sequence database:        proteins_fasta/Arthrobacter_cavernae_PO-11.faa
# output directed to file:         macsyfinder/Arthrobacter_cavernae_PO-11/hmmer_results/Archaeal-T4P_arCOG02298_PP.search_hmm.out
# model-specific thresholding:     GA cutoffs
# number of worker threads:        1
# - - - - - - - - - - - - - - - - - - - - - - - - - - - - - - - - - - - -

Query:       arCOG02298  [M=219]
Scores for complete sequences (score includes all domains):
   --- full sequence ---   --- best 1 domain ---    -#dom-
    E-value  score  bias    E-value  score  bias    exp  N  Sequence Description
    ------- ------ -----    ------- ------ -----   ---- --  -------- -----------

   [No hits detected that satisfy reporting thresholds]


Domain annotation for each sequence (and alignments):

   [No targets detected that satisfy reporting thresholds]


Internal pipeline statistics summary:
-------------------------------------
Query model(s):                            1  (219 nodes)
Target sequences:                       3760  (1192649 residues searched)
Passed MSV filter:                       243  (0.0646277); expected 75.2 (0.02)
Passed bias filter:                      211  (0.056117); expected 75.2 (0.02)
Passed Vit filter:                        34  (0.00904255); expected 3.8 (0.001)
Passed Fwd filter:                        15  (0.00398936); expected 0.0 (1e-05)
Initial search space (Z):               3760  [actual number of targets]
Domain search space  (domZ):               0  [number of targets reported over threshold]
# CPU time: 0.05u 0.00s 00:00:00.05 Elapsed: 00:00:00.04
# Mc/sec: 5291.60
//
[ok]
