# hmmsearch :: search profile(s) against a sequence database
# HMMER 3.4 (Aug 2023); http://hmmer.org/
# Copyright (C) 2023 Howard Hughes Medical Institute.
# Freely distributed under the BSD open source license.
# - - - - - - - - - - - - - - - - - - - - - - - - - - - - - - - - - - - -
# query HMM file:                  /home/julibote/TXSScan_model/TXSScan/profiles/ComM_comFC.hmm
# target sequence database:        proteins_fasta/Arthrobacter_cavernae_PO-11.faa
# output directed to file:         macsyfinder/Arthrobacter_cavernae_PO-11/hmmer_results/ComM_comFC.search_hmm.out
# model-specific thresholding:     GA cutoffs
# number of worker threads:        1
# - - - - - - - - - - - - - - - - - - - - - - - - - - - - - - - - - - - -

Query:       ComFC  [M=220]
Scores for complete sequences (score includes all domains):
   --- full sequence ---   --- best 1 domain ---    -#dom-
    E-value  score  bias    E-value  score  bias    exp  N  Sequence     Description
    ------- ------ -----    ------- ------ -----   ---- --  --------     -----------
    5.8e-09   33.4   0.0     0.0015   15.7   0.0    2.3  0  JLFNCN_11700  Phosphoribosyl transferase


Domain annotation for each sequence (and alignments):
>> JLFNCN_11700  Phosphoribosyl transferase
   [No individual domains that satisfy reporting thresholds (although complete target did)]



Internal pipeline statistics summary:
-------------------------------------
Query model(s):                            1  (220 nodes)
Target sequences:                       3760  (1192649 residues searched)
Passed MSV filter:                        49  (0.0130319); expected 75.2 (0.02)
Passed bias filter:                       47  (0.0125); expected 75.2 (0.02)
Passed Vit filter:                        10  (0.00265957); expected 3.8 (0.001)
Passed Fwd filter:                         4  (0.00106383); expected 0.0 (1e-05)
Initial search space (Z):               3760  [actual number of targets]
Domain search space  (domZ):               1  [number of targets reported over threshold]
# CPU time: 0.00u 0.00s 00:00:00.00 Elapsed: 00:00:00.00
# Mc/sec: 31577.39
//
[ok]
