# hmmsearch :: search profile(s) against a sequence database
# HMMER 3.4 (Aug 2023); http://hmmer.org/
# Copyright (C) 2023 Howard Hughes Medical Institute.
# Freely distributed under the BSD open source license.
# - - - - - - - - - - - - - - - - - - - - - - - - - - - - - - - - - - - -
# query HMM file:                  /home/julibote/TXSScan_model/TXSScan/profiles/T1SS_mfp.hmm
# target sequence database:        proteins_fasta/Arthrobacter_cavernae_PO-11.faa
# output directed to file:         macsyfinder/Arthrobacter_cavernae_PO-11/hmmer_results/T1SS_mfp.search_hmm.out
# model-specific thresholding:     GA cutoffs
# number of worker threads:        1
# - - - - - - - - - - - - - - - - - - - - - - - - - - - - - - - - - - - -

Query:       mfp  [M=378]
Scores for complete sequences (score includes all domains):
   --- full sequence ---   --- best 1 domain ---    -#dom-
    E-value  score  bias    E-value  score  bias    exp  N  Sequence     Description
    ------- ------ -----    ------- ------ -----   ---- --  --------     -----------
    9.8e-07   25.9   0.1     0.0045   13.8   0.0    2.0  0  JLFNCN_01380  biotin/lipoyl-binding carrier protein
    0.00012   19.0   1.3     0.0013   15.6   0.2    2.2  0  JLFNCN_18425  biotin carboxylase


Domain annotation for each sequence (and alignments):
>> JLFNCN_01380  biotin/lipoyl-binding carrier protein
   [No individual domains that satisfy reporting thresholds (although complete target did)]

>> JLFNCN_18425  biotin carboxylase
   [No individual domains that satisfy reporting thresholds (although complete target did)]



Internal pipeline statistics summary:
-------------------------------------
Query model(s):                            1  (378 nodes)
Target sequences:                       3760  (1192649 residues searched)
Passed MSV filter:                       138  (0.0367021); expected 75.2 (0.02)
Passed bias filter:                       93  (0.024734); expected 75.2 (0.02)
Passed Vit filter:                        20  (0.00531915); expected 3.8 (0.001)
Passed Fwd filter:                         7  (0.0018617); expected 0.0 (1e-05)
Initial search space (Z):               3760  [actual number of targets]
Domain search space  (domZ):               2  [number of targets reported over threshold]
# CPU time: 0.02u 0.00s 00:00:00.02 Elapsed: 00:00:00.02
# Mc/sec: 16607.28
//
[ok]
