# hmmsearch :: search profile(s) against a sequence database
# HMMER 3.4 (Aug 2023); http://hmmer.org/
# Copyright (C) 2023 Howard Hughes Medical Institute.
# Freely distributed under the BSD open source license.
# - - - - - - - - - - - - - - - - - - - - - - - - - - - - - - - - - - - -
# query HMM file:                  /home/julibote/TXSScan_model/TXSScan/profiles/T4aP_pilN.hmm
# target sequence database:        proteins_fasta/Arthrobacter_cavernae_PO-11.faa
# output directed to file:         macsyfinder/Arthrobacter_cavernae_PO-11/hmmer_results/T4aP_pilN.search_hmm.out
# model-specific thresholding:     GA cutoffs
# number of worker threads:        1
# - - - - - - - - - - - - - - - - - - - - - - - - - - - - - - - - - - - -

Query:       T4aP_pilN  [M=145]
Scores for complete sequences (score includes all domains):
   --- full sequence ---   --- best 1 domain ---    -#dom-
    E-value  score  bias    E-value  score  bias    exp  N  Sequence     Description
    ------- ------ -----    ------- ------ -----   ---- --  --------     -----------
    0.00035   18.5   0.8    0.00057   17.8   0.6    1.4  1  JLFNCN_07290  Cell division protein FtsL
     0.0072   14.3   0.0     0.0088   14.0   0.0    1.2  0  JLFNCN_15405  DUF2933 domain-containing protein
     0.0072   14.3   0.0      0.015   13.3   0.0    1.4  0  JLFNCN_02725  Stk1 family PASTA domain-containing Ser/Thr kin


Domain annotation for each sequence (and alignments):
>> JLFNCN_07290  Cell division protein FtsL
   #    score  bias  c-Evalue  i-Evalue hmmfrom  hmm to    alifrom  ali to    envfrom  env to     acc
 ---   ------ ----- --------- --------- ------- -------    ------- -------    ------- -------    ----
   1 !   17.8   0.6   4.6e-07   0.00057      13      72 ..      47     111 ..      33     133 .. 0.69

  Alignments for each domain:
  == domain 1  score: 17.8 bits;  conditional E-value: 4.6e-07
     T4aP_pilN  13 rvpykkrlpvlaalvallllalalllyly.....lsseleeakaelaqlqkeiaeLqpqiaeike 72 
                    +p k+r p++++++++l++al  +l+l+     +++el ++ka  a l k+ ++L +++++ ++
  JLFNCN_07290  47 SMPGKRRAPFVVLCFTVLAAALLTVLVLNisvstAQYELVQLKADAATLGKQNQDLTQKKQNFEA 111
                   33448888999988888888888888877566666777777777777777777777777754443 PP

>> JLFNCN_15405  DUF2933 domain-containing protein
   [No individual domains that satisfy reporting thresholds (although complete target did)]

>> JLFNCN_02725  Stk1 family PASTA domain-containing Ser/Thr kinase
   [No individual domains that satisfy reporting thresholds (although complete target did)]



Internal pipeline statistics summary:
-------------------------------------
Query model(s):                            1  (145 nodes)
Target sequences:                       3760  (1192649 residues searched)
Passed MSV filter:                       360  (0.0957447); expected 75.2 (0.02)
Passed bias filter:                      347  (0.0922872); expected 75.2 (0.02)
Passed Vit filter:                        64  (0.0170213); expected 3.8 (0.001)
Passed Fwd filter:                        13  (0.00345745); expected 0.0 (1e-05)
Initial search space (Z):               3760  [actual number of targets]
Domain search space  (domZ):               3  [number of targets reported over threshold]
# CPU time: 0.02u 0.00s 00:00:00.02 Elapsed: 00:00:00.02
# Mc/sec: 6542.89
//
[ok]
