# hmmsearch :: search profile(s) against a sequence database
# HMMER 3.4 (Aug 2023); http://hmmer.org/
# Copyright (C) 2023 Howard Hughes Medical Institute.
# Freely distributed under the BSD open source license.
# - - - - - - - - - - - - - - - - - - - - - - - - - - - - - - - - - - - -
# query HMM file:                  /home/julibote/TXSScan_model/TXSScan/profiles/T4SS_T_virB6.hmm
# target sequence database:        proteins_fasta/Arthrobacter_cavernae_PO-11.faa
# output directed to file:         macsyfinder/Arthrobacter_cavernae_PO-11/hmmer_results/T4SS_T_virB6.search_hmm.out
# model-specific thresholding:     GA cutoffs
# number of worker threads:        1
# - - - - - - - - - - - - - - - - - - - - - - - - - - - - - - - - - - - -

Query:       T_virB6  [M=433]
Scores for complete sequences (score includes all domains):
   --- full sequence ---   --- best 1 domain ---    -#dom-
    E-value  score  bias    E-value  score  bias    exp  N  Sequence     Description
    ------- ------ -----    ------- ------ -----   ---- --  --------     -----------
     0.0083   13.0   0.4      0.011   12.7   0.4    1.1  0  JLFNCN_07100  Integral membrane protein


Domain annotation for each sequence (and alignments):
>> JLFNCN_07100  Integral membrane protein
   [No individual domains that satisfy reporting thresholds (although complete target did)]



Internal pipeline statistics summary:
-------------------------------------
Query model(s):                            1  (433 nodes)
Target sequences:                       3760  (1192649 residues searched)
Passed MSV filter:                      1054  (0.280319); expected 75.2 (0.02)
Passed bias filter:                      271  (0.0720745); expected 75.2 (0.02)
Passed Vit filter:                        64  (0.0170213); expected 3.8 (0.001)
Passed Fwd filter:                        27  (0.00718085); expected 0.0 (1e-05)
Initial search space (Z):               3760  [actual number of targets]
Domain search space  (domZ):               1  [number of targets reported over threshold]
# CPU time: 0.10u 0.00s 00:00:00.10 Elapsed: 00:00:00.11
# Mc/sec: 4654.62
//
[ok]
