# hmmsearch :: search profile(s) against a sequence database
# HMMER 3.4 (Aug 2023); http://hmmer.org/
# Copyright (C) 2023 Howard Hughes Medical Institute.
# Freely distributed under the BSD open source license.
# - - - - - - - - - - - - - - - - - - - - - - - - - - - - - - - - - - - -
# query HMM file:                  /home/julibote/TXSScan_model/TXSScan/profiles/T4SS_t4cp1.hmm
# target sequence database:        proteins_fasta/Arthrobacter_cavernae_PO-11.faa
# output directed to file:         macsyfinder/Arthrobacter_cavernae_PO-11/hmmer_results/T4SS_t4cp1.search_hmm.out
# model-specific thresholding:     GA cutoffs
# number of worker threads:        1
# - - - - - - - - - - - - - - - - - - - - - - - - - - - - - - - - - - - -

Query:       t4cp1  [M=110]
Scores for complete sequences (score includes all domains):
   --- full sequence ---   --- best 1 domain ---    -#dom-
    E-value  score  bias    E-value  score  bias    exp  N  Sequence     Description
    ------- ------ -----    ------- ------ -----   ---- --  --------     -----------
    3.2e-19   67.5   0.0    6.9e-19   66.5   0.0    1.6  1  JLFNCN_14235  Type IV secretory system conjugative DNA transf
      0.032   12.8   0.0      0.092   11.3   0.0    1.8  0  JLFNCN_14825  Type IV secretion system DNA-binding domain-con


Domain annotation for each sequence (and alignments):
>> JLFNCN_14235  Type IV secretory system conjugative DNA transfer family protein
   #    score  bias  c-Evalue  i-Evalue hmmfrom  hmm to    alifrom  ali to    envfrom  env to     acc
 ---   ------ ----- --------- --------- ------- -------    ------- -------    ------- -------    ----
   1 !   66.5   0.0   3.7e-22   6.9e-19       1     109 [.     166     273 ..     166     274 .. 0.90

  Alignments for each domain:
  == domain 1  score: 66.5 bits;  conditional E-value: 3.7e-22
         t4cp1   1 GKtvglvipnllkwrgsvivlDpkgelyeatagyragrgdkvlvlnpgd...eaeshrwnpldyirdrsaeragdlaslanslipaek..ggggdaf 92 
                   GK+++ v+p++l+++g+v+ +++k +  + t+  rag    v+v++p++   e++ ++wnpl+y++d++      + +l ++++  ++  g++ da+
  JLFNCN_14235 166 GKSTSRVMPAILDAPGAVVSTSNKRDVVDGTRSVRAGVA-PVWVFDPQKiaqEEPAWWWNPLSYVTDEE-----KAYKLTQHFAVGSRtpGSKPDAY 256
                   9**********************************9994.8********999999**********6666.....77778887777744458****** PP

         t4cp1  93 fkesarqllaalilall 109
                   f+++a+++l++++la++
  JLFNCN_14235 257 FDPKAEDILSSYFLAAA 273
                   **************985 PP

>> JLFNCN_14825  Type IV secretion system DNA-binding domain-containing protein
   [No individual domains that satisfy reporting thresholds (although complete target did)]



Internal pipeline statistics summary:
-------------------------------------
Query model(s):                            1  (110 nodes)
Target sequences:                       3760  (1192649 residues searched)
Passed MSV filter:                       110  (0.0292553); expected 75.2 (0.02)
Passed bias filter:                      104  (0.0276596); expected 75.2 (0.02)
Passed Vit filter:                         9  (0.00239362); expected 3.8 (0.001)
Passed Fwd filter:                         2  (0.000531915); expected 0.0 (1e-05)
Initial search space (Z):               3760  [actual number of targets]
Domain search space  (domZ):               2  [number of targets reported over threshold]
# CPU time: 0.00u 0.00s 00:00:00.00 Elapsed: 00:00:00.00
# Mc/sec: 21389.22
//
[ok]
