# hmmsearch :: search profile(s) against a sequence database
# HMMER 3.4 (Aug 2023); http://hmmer.org/
# Copyright (C) 2023 Howard Hughes Medical Institute.
# Freely distributed under the BSD open source license.
# - - - - - - - - - - - - - - - - - - - - - - - - - - - - - - - - - - - -
# query HMM file:                  /home/julibote/TXSScan_model/TXSScan/profiles/T6SSiii_tssO.hmm
# target sequence database:        proteins_fasta/Arthrobacter_cavernae_PO-11.faa
# output directed to file:         macsyfinder/Arthrobacter_cavernae_PO-11/hmmer_results/T6SSiii_tssO.search_hmm.out
# sequence reporting threshold:    E-value <= 0.1
# number of worker threads:        1
# - - - - - - - - - - - - - - - - - - - - - - - - - - - - - - - - - - - -

Query:       TssO.mprt.mafft  [M=170]
Scores for complete sequences (score includes all domains):
   --- full sequence ---   --- best 1 domain ---    -#dom-
    E-value  score  bias    E-value  score  bias    exp  N  Sequence     Description
    ------- ------ -----    ------- ------ -----   ---- --  --------     -----------
  ------ inclusion threshold ------
      0.037   11.6   0.0      0.086   10.4   0.0    1.5  1  JLFNCN_00650  ABC-type sugar transport system, permease compo


Domain annotation for each sequence (and alignments):
>> JLFNCN_00650  ABC-type sugar transport system, permease component
   #    score  bias  c-Evalue  i-Evalue hmmfrom  hmm to    alifrom  ali to    envfrom  env to     acc
 ---   ------ ----- --------- --------- ------- -------    ------- -------    ------- -------    ----
   1 ?   10.4   0.0   2.3e-05     0.086      17      55 ..     112     150 ..     109     156 .. 0.89

  Alignments for each domain:
  == domain 1  score: 10.4 bits;  conditional E-value: 2.3e-05
  TssO.mprt.mafft  17 lYlllllllatvllgvilfkkfespfseskeelikklee 55 
                      l+ll++ +l++++ g+i f ++++ ++++k+++i  ++ 
     JLFNCN_00650 112 LFLLVFQVLVVFFSGYIAFTNYGDGHNSTKDDAIAAIQL 150
                      89***************************9999988875 PP



Internal pipeline statistics summary:
-------------------------------------
Query model(s):                            1  (170 nodes)
Target sequences:                       3760  (1192649 residues searched)
Passed MSV filter:                        65  (0.0172872); expected 75.2 (0.02)
Passed bias filter:                       61  (0.0162234); expected 75.2 (0.02)
Passed Vit filter:                         4  (0.00106383); expected 3.8 (0.001)
Passed Fwd filter:                         1  (0.000265957); expected 0.0 (1e-05)
Initial search space (Z):               3760  [actual number of targets]
Domain search space  (domZ):               1  [number of targets reported over threshold]
# CPU time: 0.00u 0.00s 00:00:00.00 Elapsed: 00:00:00.00
# Mc/sec: 33357.98
//
[ok]
