# hmmsearch :: search profile(s) against a sequence database
# HMMER 3.4 (Aug 2023); http://hmmer.org/
# Copyright (C) 2023 Howard Hughes Medical Institute.
# Freely distributed under the BSD open source license.
# - - - - - - - - - - - - - - - - - - - - - - - - - - - - - - - - - - - -
# query HMM file:                  /home/julibote/TXSScan_model/TXSScan/profiles/T9SS_sprE.hmm
# target sequence database:        proteins_fasta/Arthrobacter_cavernae_PO-11.faa
# output directed to file:         macsyfinder/Arthrobacter_cavernae_PO-11/hmmer_results/T9SS_sprE.search_hmm.out
# model-specific thresholding:     GA cutoffs
# number of worker threads:        1
# - - - - - - - - - - - - - - - - - - - - - - - - - - - - - - - - - - - -

Query:       SprE-fljo-bacteroidetes.blast.res_match_e-40.extract.fasta-mafft_auto-profile_bmge30  [M=713]
Scores for complete sequences (score includes all domains):
   --- full sequence ---   --- best 1 domain ---    -#dom-
    E-value  score  bias    E-value  score  bias    exp  N  Sequence Description
    ------- ------ -----    ------- ------ -----   ---- --  -------- -----------

   [No hits detected that satisfy reporting thresholds]


Domain annotation for each sequence (and alignments):

   [No targets detected that satisfy reporting thresholds]


Internal pipeline statistics summary:
-------------------------------------
Query model(s):                            1  (713 nodes)
Target sequences:                       3760  (1192649 residues searched)
Passed MSV filter:                        60  (0.0159574); expected 75.2 (0.02)
Passed bias filter:                       43  (0.0114362); expected 75.2 (0.02)
Passed Vit filter:                         7  (0.0018617); expected 3.8 (0.001)
Passed Fwd filter:                         3  (0.000797872); expected 0.0 (1e-05)
Initial search space (Z):               3760  [actual number of targets]
Domain search space  (domZ):               0  [number of targets reported over threshold]
# CPU time: 0.02u 0.01s 00:00:00.03 Elapsed: 00:00:00.03
# Mc/sec: 27154.83
//
[ok]
