# hmmsearch :: search profile(s) against a sequence database
# HMMER 3.4 (Aug 2023); http://hmmer.org/
# Copyright (C) 2023 Howard Hughes Medical Institute.
# Freely distributed under the BSD open source license.
# - - - - - - - - - - - - - - - - - - - - - - - - - - - - - - - - - - - -
# query HMM file:                  /home/julibote/TXSScan_model/TXSScan/profiles/Tad_rcpC.hmm
# target sequence database:        proteins_fasta/Arthrobacter_cavernae_PO-11.faa
# output directed to file:         macsyfinder/Arthrobacter_cavernae_PO-11/hmmer_results/Tad_rcpC.search_hmm.out
# model-specific thresholding:     GA cutoffs
# number of worker threads:        1
# - - - - - - - - - - - - - - - - - - - - - - - - - - - - - - - - - - - -

Query:       RcpC  [M=116]
Accession:   PF16976.3
Description: Flp pilus assembly protein RcpC/CpaB
Scores for complete sequences (score includes all domains):
   --- full sequence ---   --- best 1 domain ---    -#dom-
    E-value  score  bias    E-value  score  bias    exp  N  Sequence     Description
    ------- ------ -----    ------- ------ -----   ---- --  --------     -----------
    1.3e-11   42.3   1.1    2.5e-11   41.4   1.1    1.4  1  JLFNCN_17195  Flp pilus assembly protein CpaB
    7.4e-11   39.9   0.0    1.4e-10   39.0   0.0    1.4  1  JLFNCN_17440  Flagellar biosynthesis protein FlgA


Domain annotation for each sequence (and alignments):
>> JLFNCN_17195  Flp pilus assembly protein CpaB
   #    score  bias  c-Evalue  i-Evalue hmmfrom  hmm to    alifrom  ali to    envfrom  env to     acc
 ---   ------ ----- --------- --------- ------- -------    ------- -------    ------- -------    ----
   1 !   41.4   1.1   1.3e-14   2.5e-11       7     113 ..     117     233 ..     114     234 .. 0.83

  Alignments for each domain:
  == domain 1  score: 41.4 bits;  conditional E-value: 1.3e-14
          RcpC   7 lppgkrAvaievdevtgvaglirpGdrVDVlltesekegsesektqaelllqnvrVLavgq...........eeakkeekedeekkkeaetartvtL 92 
                   +p g + v+++   ++ v+g + +Gd V V+l+  +++++++  +q++l   +v V av++           ++++ + + +++k++++     vtL
  JLFNCN_17195 117 VPTGLQEVTLKLPIERVVGGKVTAGDTVGVMLS-FKADEKSNAPDQTQLTFHKVLVTAVQDasgaitendssASKEGSGALNANKNSNQGGGYLVTL 212
                   899999***************************.***************************888887665443333333333333333445789*** PP

          RcpC  93 evtpeqaekLalaesaGkLsl 113
                   + +  ++ek++ a++ G+++l
  JLFNCN_17195 213 ARSAVDVEKIVYAAEFGTVYL 233
                   ******************998 PP

>> JLFNCN_17440  Flagellar biosynthesis protein FlgA
   #    score  bias  c-Evalue  i-Evalue hmmfrom  hmm to    alifrom  ali to    envfrom  env to     acc
 ---   ------ ----- --------- --------- ------- -------    ------- -------    ------- -------    ----
   1 !   39.0   0.0   7.6e-14   1.4e-10       7     115 ..     135     234 ..     130     235 .. 0.90

  Alignments for each domain:
  == domain 1  score: 39.0 bits;  conditional E-value: 7.6e-14
          RcpC   7 lppgkrAvaievdevtgvaglirpGdrVDVlltesekegsesektqaelllqnvrVLavgqeeakkeekedeekkkeaetartvtLevtpeqaekLa 103
                    p+g  Av ++v + ++   l++pG +++++lt    +g+ +e++++e+l + v VL++       +  + ++   ++et+  v++++ p+qaekLa
  JLFNCN_17440 135 APAGSAAVPLRVADPAS-IRLLSPGHLITIVLT---GTGGFEESRKSEVLATAVPVLWTSA-----QGGQPGQWLGTGETDGLVVVAAGPAQAEKLA 222
                   57899999999996655.589************...999999*******************.....77788888888889999************** PP

          RcpC 104 laesaGkLslaL 115
                    a+++GkL ++L
  JLFNCN_17440 223 GASTQGKLFFVL 234
                   *********998 PP



Internal pipeline statistics summary:
-------------------------------------
Query model(s):                            1  (116 nodes)
Target sequences:                       3760  (1192649 residues searched)
Passed MSV filter:                       185  (0.0492021); expected 75.2 (0.02)
Passed bias filter:                      118  (0.031383); expected 75.2 (0.02)
Passed Vit filter:                         9  (0.00239362); expected 3.8 (0.001)
Passed Fwd filter:                         2  (0.000531915); expected 0.0 (1e-05)
Initial search space (Z):               3760  [actual number of targets]
Domain search space  (domZ):               2  [number of targets reported over threshold]
# CPU time: 0.00u 0.00s 00:00:00.00 Elapsed: 00:00:00.00
# Mc/sec: 19038.88
//
[ok]
